<?xml version="1.0" encoding="UTF-8" standalone="no"?>
<result>
        
        
        
    Tom WaitsB.B. KingRay Charles</result>
